// Jest Snapshot v1, https://goo.gl/fbAQLP

exports[`Anchor should render correctly 1`] = `
.c0 {
  background-color: #F6F8FA;
  border-radius: 5px;
  color: #24292F;
  padding: 16px 8px;
}

<span
  className="c0"
>
  <a
    href="#exemplo"
  >
    Products
  </a>
</span>
`;
