// Jest Snapshot v1, https://goo.gl/fbAQLP

exports[`MainContainer should render correctely 1`] = `
.c0 {
  display: -webkit-box;
  display: -webkit-flex;
  display: -ms-flexbox;
  display: flex;
  -webkit-flex-direction: row;
  -ms-flex-direction: row;
  flex-direction: row;
  margin: 0 auto;
  width: 750px;
}

<div
  className="c0"
>
  <main />
</div>
`;
